Microchip MPLAB XC8 Compiler V2.40

Linker command line:

-W-3 \
  --edf=E:\Program Files\Microchip\xc8\v2.40\pic\dat\20220703182018_en.msgs \
  -cn -h+dist/default/production\ed2_2.X.production.sym \
  --cmf=dist/default/production\ed2_2.X.production.cmf -z -Q16F887 \
  -oC:\Users\lemus\AppData\Local\Temp\xcAs6l4.5 --defsym=__MPLAB_BUILD=1 \
  --fixupoverflow=error -Mdist/default/production/ed2_2.X.production.map \
  --md=C:\Users\lemus\AppData\Local\Temp\xcBs6l4.dat -E1 -ver=XC8 Compiler \
  --acfsm=1493 -ACODE=00h-07FFhx4 -ASTRCODE=00h-01FFFh -ASTRING=00h-0FFhx32 \
  -ACONST=00h-0FFhx32 -AENTRY=00h-0FFhx32 -ACOMMON=070h-07Fh \
  -ABANK0=020h-06Fh -ABANK1=0A0h-0EFh -ABANK2=0110h-016Fh \
  -ABANK3=0190h-01EFh -ARAM=020h-06Fh,0A0h-0EFh,0110h-016Fh,0190h-01EFh \
  -AABS1=020h-07Fh,0A0h-0EFh,0110h-016Fh,0190h-01EFh -ASFR0=00h-01Fh \
  -ASFR1=080h-09Fh -ASFR2=0100h-010Fh -ASFR3=0180h-018Fh \
  -ACONFIG=02007h-02008h -DCONFIG=2 -AIDLOC=02000h-02003h -DIDLOC=2 \
  -AEEDATA=00h-0FFh/02100h -peeprom_data=EEDATA -DEEDATA=2 -DCODE=2 \
  -DSTRCODE=2 -DSTRING=2 -DCONST=2 -DENTRY=2 \
  -preset_vec=00h,intentry=04h,init,end_init -ppowerup=CODE -pcinit=CODE \
  -pfunctab=ENTRY -k C:\Users\lemus\AppData\Local\Temp\xcAs6l4.o \
  dist/default/production\ed2_2.X.production.o 

Object code version is 3.11

Machine type is 16F887



                Name                               Link     Load   Length Selector   Space Scale
C:\Users\lemus\AppData\Local\Temp\xcAs6l4.o
                end_init                             12       12        3        8       0
                reset_vec                             0        0        3        0       0
                config                             2007     2007        2        0       4
                idloc                              2000     2000        4        0       5
dist/default/production\ed2_2.X.production.o
                cinit                                15       15       15        8       0
                intentry                              4        4        E        8       0
                config                             2007     2007        2        0       4
                idloc                              2000     2000        4        0       5
                text24                              2BD      2BD       C1        8       0
                text23                              60C      60C       5B        8       0
                text22                              5A3      5A3       69        8       0
                text21                              F6E      F6E       25     1EDC       0
                text20                              F93      F93       31     1F26       0
                text19                              707      707       44        8       0
                text18                              FC4      FC4       3C     1F88       0
                text17                              1E1      1E1       DC        8       0
                text16                              F4C      F4C       22     1E98       0
                text15                              EF2      EF2       1A     1DE4       0
                text14                              4A6      4A6       8D        8       0
                text13                              7CC      7CC       33        8       0
                text12                              74B      74B       42        8       0
                text11                               2A       2A      1B7        8       0
                text10                              415      415       91        8       0
                text9                               EC2      EC2       18     1D84       0
                text8                               F0C      F0C       20     1E18       0
                text7                               F2C      F2C       20     1E58       0
                text6                               EB5      EB5        D     1D6A       0
                text5                               533      533       70        8       0
                text4                               37E      37E       97        8       0
                text3                               78D      78D       3F        8       0
                text2                               667      667       54        8       0
                text1                               EDA      EDA       18     1DB4       0
                maintext                            6BB      6BB       4C        8       0
                cstackBANK0                          20       20       1E       20       1
                cstackCOMMON                         70       70        E       70       1
                cstackBANK1                          B4       B4        B       A0       1
                clrtext                             EAD      EAD        8     1D5A       0
                bssBANK1                             A0       A0       14       A0       1
                bssBANK0                             3E       3E       15       20       1
                strings                             800      800       2B     1000       0

TOTAL           Name                               Link     Load   Length     Space
        CLASS   CODE           
                end_init                             12       12        3         0
                cinit                                15       15       15         0
                intentry                              4        4        E         0
                reset_vec                             0        0        3         0
                text24                              2BD      2BD       C1         0
                text23                              60C      60C       5B         0
                text22                              5A3      5A3       69         0
                text21                              F6E      F6E       25         0
                text20                              F93      F93       31         0
                text19                              707      707       44         0
                text18                              FC4      FC4       3C         0
                text17                              1E1      1E1       DC         0
                text16                              F4C      F4C       22         0
                text15                              EF2      EF2       1A         0
                text14                              4A6      4A6       8D         0
                text13                              7CC      7CC       33         0
                text12                              74B      74B       42         0
                text11                               2A       2A      1B7         0
                text10                              415      415       91         0
                text9                               EC2      EC2       18         0
                text8                               F0C      F0C       20         0
                text7                               F2C      F2C       20         0
                text6                               EB5      EB5        D         0
                text5                               533      533       70         0
                text4                               37E      37E       97         0
                text3                               78D      78D       3F         0
                text2                               667      667       54         0
                text1                               EDA      EDA       18         0
                maintext                            6BB      6BB       4C         0
                clrtext                             EAD      EAD        8         0

        CLASS   STRCODE        

        CLASS   STRING         
                strings                             800      800       2B         0

        CLASS   CONST          

        CLASS   ENTRY          

        CLASS   COMMON         
                cstackCOMMON                         70       70        E         1

        CLASS   BANK0          
                cstackBANK0                          20       20       1E         1
                bssBANK0                             3E       3E       15         1

        CLASS   BANK1          
                cstackBANK1                          B4       B4        B         1
                bssBANK1                             A0       A0       14         1

        CLASS   BANK2          

        CLASS   BANK3          

        CLASS   RAM            

        CLASS   ABS1           
                abs_s1                               7E       7E        2         1

        CLASS   SFR0           

        CLASS   SFR1           

        CLASS   SFR2           

        CLASS   SFR3           

        CLASS   CONFIG         
                config                             2007     2007        2         4

        CLASS   IDLOC          
                idloc                              2000     2000        4         5

        CLASS   EEDATA         

        CLASS   STACK          



SEGMENTS        Name                           Load    Length   Top    Selector   Space  Class     Delta

                reset_vec                      000000  000003  000003         0       0  CODE        2
                intentry                       000004  0007FB  0007FF         8       0  CODE        2
                cstackBANK0                    000020  000033  000053        20       1  BANK0       1
                cstackCOMMON                   000070  00000E  00007E        70       1  COMMON      1
                bssBANK1                       0000A0  00001F  0000BF        A0       1  BANK1       1
                strings                        000800  00002B  00082B      1000       0  STRING      2
                clrtext                        000EAD  000008  000EB5      1D5A       0  CODE        2
                text6                          000EB5  00000D  000EC2      1D6A       0  CODE        2
                text9                          000EC2  000018  000EDA      1D84       0  CODE        2
                text1                          000EDA  000018  000EF2      1DB4       0  CODE        2
                text15                         000EF2  00001A  000F0C      1DE4       0  CODE        2
                text8                          000F0C  000020  000F2C      1E18       0  CODE        2
                text7                          000F2C  000020  000F4C      1E58       0  CODE        2
                text16                         000F4C  000022  000F6E      1E98       0  CODE        2
                text21                         000F6E  000025  000F93      1EDC       0  CODE        2
                text20                         000F93  000031  000FC4      1F26       0  CODE        2
                text18                         000FC4  00003C  001000      1F88       0  CODE        2


UNUSED ADDRESS RANGES

        Name                Unused          Largest block    Delta
        BANK0            0053-006F             1D           1
        BANK1            00BF-00EF             31           1
        BANK2            0110-016F             60           1
        BANK3            0190-01EF             60           1
        CODE             0003-0003              1           2
                         07FF-07FF              1
                         082B-0EAC            682
                         1000-1FFF            800
        CONST            0003-0003              1           2
                         07FF-07FF              1
                         082B-0EAC            100
                         1000-1FFF            100
        EEDATA           2100-21FF            100           2
        ENTRY            0003-0003              1           2
                         07FF-07FF              1
                         082B-0EAC            100
                         1000-1FFF            100
        RAM              0053-006F             1D           1
                         00BF-00EF             31
                         0110-016F             60
                         0190-01EF             60
        SFR0             0000-001F             20           1
        SFR1             0080-009F             20           1
        SFR2             0100-010F             10           1
        SFR3             0180-018F             10           1
        STRCODE          0003-0003              1           2
                         07FF-07FF              1
                         082B-0EAC            682
                         1000-1FFF           1000
        STRING           0003-0003              1           2
                         07FF-07FF              1
                         082B-0EAC            100
                         1000-1FFF            100

                                  Symbol Table

?_ADC_read                  cstackCOMMON 0070
?___awdiv                   cstackCOMMON 0076
?___awmod                   cstackBANK0  0024
?___lwdiv                   cstackCOMMON 0076
?___lwmod                   cstackBANK0  0020
?___wmul                    cstackCOMMON 0070
?_sprintf                   cstackBANK0  0026
ADC_config@channel          cstackBANK0  003D
ADC_read@can                cstackCOMMON 0074
Lcd_Cmd@a                   cstackBANK1  00B6
Lcd_Port@a                  cstackBANK0  003D
Lcd_Set_Cursor@a            cstackBANK1  00B9
Lcd_Set_Cursor@b            cstackBANK1  00B7
Lcd_Set_Cursor@temp         cstackBANK1  00BC
Lcd_Set_Cursor@y            cstackBANK1  00BB
Lcd_Set_Cursor@z            cstackBANK1  00BA
Lcd_Write_Char@a            cstackBANK1  00B7
Lcd_Write_Char@temp         cstackBANK1  00B5
Lcd_Write_Char@y            cstackBANK1  00B6
Lcd_Write_String@a          cstackBANK1  00B8
Lcd_Write_String@i          cstackBANK1  00BD
_ADCON0bits                 (abs)        001F
_ADCON1bits                 (abs)        009F
_ADC_config                 text10       0415
_ADC_read                   text24       02BD
_ADC_setup                  text9        0EC2
_ADRESH                     (abs)        001E
_ANSELH                     (abs)        0189
_ANSELHbits                 (abs)        0189
_ANSELbits                  (abs)        0188
_INTCONbits                 (abs)        000B
_Lcd_Clear                  text6        0EB5
_Lcd_Cmd                    text7        0F2C
_Lcd_Init                   text5        0533
_Lcd_Port                   text8        0F0C
_Lcd_Set_Cursor             text4        037E
_Lcd_Write_Char             text3        078D
_Lcd_Write_String           text2        0667
_OSCCONbits                 (abs)        008F
_PIE1bits                   (abs)        008C
_PIR1bits                   (abs)        000C
_PORTA                      (abs)        0005
_PORTB                      (abs)        0006
_PORTBbits                  (abs)        0006
_PORTC                      (abs)        0007
_PORTD                      (abs)        0008
_TRISB                      (abs)        0086
_TRISBbits                  (abs)        0086
_TRISC                      (abs)        0087
_TRISD                      (abs)        0088
__Habs1                     abs1         0000
__Hbank0                    bank0        0000
__Hbank1                    bank1        0000
__Hbank2                    bank2        0000
__Hbank3                    bank3        0000
__HbssBANK0                 bssBANK0     0000
__HbssBANK1                 bssBANK1     0000
__Hcinit                    cinit        002A
__Hclrtext                  clrtext      0000
__Hcode                     code         0000
__Hcommon                   common       0000
__Hconfig                   config       2009
__HcstackBANK0              cstackBANK0  0000
__HcstackBANK1              cstackBANK1  0000
__HcstackCOMMON             cstackCOMMON 0000
__Heeprom_data              eeprom_data  0000
__Hend_init                 end_init     0015
__Hfunctab                  functab      0000
__Hidloc                    idloc        2004
__Hinit                     init         0012
__Hintentry                 intentry     0012
__Hmaintext                 maintext     0000
__Hpowerup                  powerup      0000
__Hram                      ram          0000
__Hreset_vec                reset_vec    0003
__Hsfr0                     sfr0         0000
__Hsfr1                     sfr1         0000
__Hsfr2                     sfr2         0000
__Hsfr3                     sfr3         0000
__Hspace_0                  (abs)        1000
__Hspace_1                  (abs)        00BF
__Hspace_2                  (abs)        0000
__Hspace_3                  (abs)        0000
__Hspace_4                  (abs)        4010
__Hstack                    stack        0000
__Hstrings                  strings      0000
__Htext                     text         0000
__Labs1                     abs1         0000
__Lbank0                    bank0        0000
__Lbank1                    bank1        0000
__Lbank2                    bank2        0000
__Lbank3                    bank3        0000
__LbssBANK0                 bssBANK0     0000
__LbssBANK1                 bssBANK1     0000
__Lcinit                    cinit        0015
__Lclrtext                  clrtext      0000
__Lcode                     code         0000
__Lcommon                   common       0000
__Lconfig                   config       0000
__LcstackBANK0              cstackBANK0  0000
__LcstackBANK1              cstackBANK1  0000
__LcstackCOMMON             cstackCOMMON 0000
__Leeprom_data              eeprom_data  0000
__Lend_init                 end_init     0012
__Lfunctab                  functab      0000
__Lidloc                    idloc        0000
__Linit                     init         0012
__Lintentry                 intentry     0004
__Lmaintext                 maintext     0000
__Lpowerup                  powerup      0000
__Lram                      ram          0000
__Lreset_vec                reset_vec    0000
__Lsfr0                     sfr0         0000
__Lsfr1                     sfr1         0000
__Lsfr2                     sfr2         0000
__Lsfr3                     sfr3         0000
__Lspace_0                  (abs)        0000
__Lspace_1                  (abs)        0000
__Lspace_2                  (abs)        0000
__Lspace_3                  (abs)        0000
__Lspace_4                  (abs)        0000
__Lstack                    stack        0000
__Lstrings                  strings      0000
__Ltext                     text         0000
__S0                        (abs)        1000
__S1                        (abs)        00BF
__S3                        (abs)        0000
___awdiv                    text22       05A3
___awdiv@counter            cstackBANK0  0020
___awdiv@dividend           cstackCOMMON 0078
___awdiv@divisor            cstackCOMMON 0076
___awdiv@quotient           cstackBANK0  0022
___awdiv@sign               cstackBANK0  0021
___awmod                    text23       060C
___awmod@counter            cstackCOMMON 007C
___awmod@dividend           cstackBANK0  0026
___awmod@divisor            cstackBANK0  0024
___awmod@sign               cstackCOMMON 007D
___int_sp                   stack        0000
___latbits                  (abs)        0002
___lwdiv                    text19       0707
___lwdiv@counter            cstackCOMMON 007D
___lwdiv@dividend           cstackCOMMON 0078
___lwdiv@divisor            cstackCOMMON 0076
___lwdiv@quotient           cstackCOMMON 007B
___lwmod                    text18       0FC4
___lwmod@counter            cstackBANK0  0025
___lwmod@dividend           cstackBANK0  0022
___lwmod@divisor            cstackBANK0  0020
___sp                       stack        0000
___stackhi                  (abs)        0000
___stacklo                  (abs)        0000
___wmul                     text21       0F6E
___wmul@multiplicand        cstackCOMMON 0072
___wmul@multiplier          cstackCOMMON 0070
___wmul@product             cstackCOMMON 0074
__end_of_ADC_config         text10       04A6
__end_of_ADC_read           text24       037E
__end_of_ADC_setup          text9        0EDA
__end_of_Lcd_Clear          text6        0EC2
__end_of_Lcd_Cmd            text7        0F4C
__end_of_Lcd_Init           text5        05A3
__end_of_Lcd_Port           text8        0F2C
__end_of_Lcd_Set_Cursor     text4        0415
__end_of_Lcd_Write_Char     text3        07CC
__end_of_Lcd_Write_String   text2        06BB
__end_of___awdiv            text22       060C
__end_of___awmod            text23       0667
__end_of___lwdiv            text19       074B
__end_of___lwmod            text18       1000
__end_of___wmul             text21       0F93
__end_of__initialization    cinit        0026
__end_of__stringtab         strings      0810
__end_of_dpowers            strings      081A
__end_of_isr                text11       01E1
__end_of_main               maintext     0707
__end_of_map                text20       0FC4
__end_of_setup              text1        0EF2
__end_of_sprintf            text17       02BD
__end_ofi1_Lcd_Cmd          text15       0F0C
__end_ofi1_Lcd_Port         text16       0F6E
__end_ofi1_Lcd_Set_Cursor   text14       0533
__end_ofi1_Lcd_Write_Char   text13       07FF
__end_ofi1_Lcd_Write_String text12       078D
__initialization            cinit        0015
__pbssBANK0                 bssBANK0     003E
__pbssBANK1                 bssBANK1     00A0
__pcstackBANK0              cstackBANK0  0020
__pcstackBANK1              cstackBANK1  00B4
__pcstackCOMMON             cstackCOMMON 0070
__pintentry                 intentry     0004
__pmaintext                 maintext     06BB
__pstrings                  strings      0800
__ptext1                    text1        0EDA
__ptext10                   text10       0415
__ptext11                   text11       002A
__ptext12                   text12       074B
__ptext13                   text13       07CC
__ptext14                   text14       04A6
__ptext15                   text15       0EF2
__ptext16                   text16       0F4C
__ptext17                   text17       01E1
__ptext18                   text18       0FC4
__ptext19                   text19       0707
__ptext2                    text2        0667
__ptext20                   text20       0F93
__ptext21                   text21       0F6E
__ptext22                   text22       05A3
__ptext23                   text23       060C
__ptext24                   text24       02BD
__ptext3                    text3        078D
__ptext4                    text4        037E
__ptext5                    text5        0533
__ptext6                    text6        0EB5
__ptext7                    text7        0F2C
__ptext8                    text8        0F0C
__ptext9                    text9        0EC2
__stringbase                strings      080F
__stringtab                 strings      0800
_buffer                     bssBANK1     00A0
_centesima1                 bssBANK0     0044
_centesima2                 bssBANK0     003E
_decima1                    bssBANK0     0046
_decima2                    bssBANK0     0040
_dpowers                    strings      0810
_isr                        text11       002A
_main                       maintext     06BB
_map                        text20       0F93
_setup                      text1        0EDA
_sprintf                    text17       01E1
_unidad1                    bssBANK0     0048
_unidad2                    bssBANK0     0042
_valor                      bssBANK0     0050
_vol1                       bssBANK0     0052
_vol2                       bssBANK0     004A
_voltaje1                   bssBANK0     004E
_voltaje2                   bssBANK0     004C
btemp                       (abs)        007E
clear_ram0                  clrtext      0EAD
end_of_initialization       cinit        0026
i1Lcd_Cmd@a                 cstackCOMMON 0073
i1Lcd_Port@a                cstackCOMMON 0070
i1Lcd_Set_Cursor@a          cstackCOMMON 0076
i1Lcd_Set_Cursor@b          cstackCOMMON 0074
i1Lcd_Set_Cursor@temp       cstackCOMMON 0079
i1Lcd_Set_Cursor@y          cstackCOMMON 0078
i1Lcd_Set_Cursor@z          cstackCOMMON 0077
i1Lcd_Write_Char@a          cstackCOMMON 0074
i1Lcd_Write_Char@temp       cstackCOMMON 0072
i1Lcd_Write_Char@y          cstackCOMMON 0073
i1Lcd_Write_String@a        cstackCOMMON 0075
i1Lcd_Write_String@i        cstackCOMMON 007A
i1_Lcd_Cmd                  text15       0EF2
i1_Lcd_Port                 text16       0F4C
i1_Lcd_Set_Cursor           text14       04A6
i1_Lcd_Write_Char           text13       07CC
i1_Lcd_Write_String         text12       074B
interrupt_function          intentry     0004
intlevel0                   functab      0000
intlevel1                   functab      0000
intlevel2                   functab      0000
intlevel3                   functab      0000
intlevel4                   functab      0000
intlevel5                   functab      0000
map@inputmax                cstackBANK0  0028
map@inputmin                cstackBANK0  0026
map@outmax                  cstackBANK0  002C
map@outmin                  cstackBANK0  002A
map@value                   cstackBANK0  0024
reset_vec                   reset_vec    0000
saved_w                     (abs)        007E
sprintf@ap                  cstackBANK0  0030
sprintf@c                   cstackBANK0  0036
sprintf@f                   cstackBANK0  0026
sprintf@flag                cstackBANK0  0031
sprintf@prec                cstackBANK0  0032
sprintf@sp                  cstackBANK0  0035
sprintf@val                 cstackBANK0  0033
start                       init         0012
start_initialization        cinit        0015
wtemp0                      (abs)        007E


MODULE INFORMATION

Module		Function		Class		Link	Load	Size
E:\Program Files\Microchip\xc8\v2.40\pic\sources\c90\common\lwmod.c
		___lwmod       		CODE           	0FC4	0000	60

E:\Program Files\Microchip\xc8\v2.40\pic\sources\c90\common\lwmod.c estimated size: 60

E:\Program Files\Microchip\xc8\v2.40\pic\sources\c90\common\awmod.c
		___awmod       		CODE           	060C	0000	91

E:\Program Files\Microchip\xc8\v2.40\pic\sources\c90\common\awmod.c estimated size: 91

E:\Program Files\Microchip\xc8\v2.40\pic\sources\c90\common\lwdiv.c
		___lwdiv       		CODE           	0707	0000	68

E:\Program Files\Microchip\xc8\v2.40\pic\sources\c90\common\lwdiv.c estimated size: 68

shared
		__stringtab    		STRING         	0800	0000	16
		_dpowers       		STRING         	0810	0000	10
		i1_Lcd_Write_Char		CODE           	07CC	0000	51
		i1_Lcd_Port    		CODE           	0F4C	0000	34
		i1_Lcd_Cmd     		CODE           	0EF2	0000	26
		__initialization		CODE           	0015	0000	17
		i1_Lcd_Set_Cursor		CODE           	04A6	0000	141
		i1_Lcd_Write_String		CODE           	074B	0000	66

shared estimated size: 361

E:\Program Files\Microchip\xc8\v2.40\pic\sources\c90\common\awdiv.c
		___awdiv       		CODE           	05A3	0000	105

E:\Program Files\Microchip\xc8\v2.40\pic\sources\c90\common\awdiv.c estimated size: 105

ADC.c
		_ADC_config    		CODE           	0415	0000	145
		_ADC_read      		CODE           	02BD	0000	193
		_ADC_setup     		CODE           	0EC2	0000	24

ADC.c estimated size: 362

lcd.c
		_Lcd_Write_String		CODE           	0667	0000	84
		_Lcd_Init      		CODE           	0533	0000	112
		_Lcd_Write_Char		CODE           	078D	0000	63
		_Lcd_Cmd       		CODE           	0F2C	0000	32
		_Lcd_Set_Cursor		CODE           	037E	0000	151
		_Lcd_Clear     		CODE           	0EB5	0000	13
		_Lcd_Port      		CODE           	0F0C	0000	32

lcd.c estimated size: 487

E:\Program Files\Microchip\xc8\v2.40\pic\sources\c90\common\doprnt.c
		_sprintf       		CODE           	01E1	0000	220

E:\Program Files\Microchip\xc8\v2.40\pic\sources\c90\common\doprnt.c estimated size: 220

main.c
		_map           		CODE           	0F93	0000	49
		_main          		CODE           	06BB	0000	76
		_isr           		CODE           	002A	0000	439
		_setup         		CODE           	0EDA	0000	24

main.c estimated size: 588

E:\Program Files\Microchip\xc8\v2.40\pic\sources\c90\common\Umul16.c
		___wmul        		CODE           	0F6E	0000	37

E:\Program Files\Microchip\xc8\v2.40\pic\sources\c90\common\Umul16.c estimated size: 37

