Microchip MPLAB XC8 Compiler V2.40

Linker command line:

-W-3 \
  --edf=E:\Program Files\Microchip\xc8\v2.40\pic\dat\20220703182018_en.msgs \
  -cn -h+dist/default/production\ed2_2.X.production.sym \
  --cmf=dist/default/production\ed2_2.X.production.cmf -z -Q16F887 \
  -oC:\Users\lemus\AppData\Local\Temp\xcAs66c.4 --defsym=__MPLAB_BUILD=1 \
  --fixupoverflow=error -Mdist/default/production/ed2_2.X.production.map \
  --md=C:\Users\lemus\AppData\Local\Temp\xcAs66c.dat -E1 -ver=XC8 Compiler \
  --acfsm=1493 -ACODE=00h-07FFhx4 -ASTRCODE=00h-01FFFh -ASTRING=00h-0FFhx32 \
  -ACONST=00h-0FFhx32 -AENTRY=00h-0FFhx32 -ACOMMON=070h-07Fh \
  -ABANK0=020h-06Fh -ABANK1=0A0h-0EFh -ABANK2=0110h-016Fh \
  -ABANK3=0190h-01EFh -ARAM=020h-06Fh,0A0h-0EFh,0110h-016Fh,0190h-01EFh \
  -AABS1=020h-07Fh,0A0h-0EFh,0110h-016Fh,0190h-01EFh -ASFR0=00h-01Fh \
  -ASFR1=080h-09Fh -ASFR2=0100h-010Fh -ASFR3=0180h-018Fh \
  -ACONFIG=02007h-02008h -DCONFIG=2 -AIDLOC=02000h-02003h -DIDLOC=2 \
  -AEEDATA=00h-0FFh/02100h -peeprom_data=EEDATA -DEEDATA=2 -DCODE=2 \
  -DSTRCODE=2 -DSTRING=2 -DCONST=2 -DENTRY=2 \
  -preset_vec=00h,intentry=04h,init,end_init -ppowerup=CODE -pcinit=CODE \
  -pfunctab=ENTRY -k C:\Users\lemus\AppData\Local\Temp\xcAs66c.o \
  dist/default/production\ed2_2.X.production.o 

Object code version is 3.11

Machine type is 16F887



                Name                               Link     Load   Length Selector   Space Scale
C:\Users\lemus\AppData\Local\Temp\xcAs66c.o
                end_init                              C        C        3        8       0
                reset_vec                             0        0        3        0       0
                config                             2007     2007        2        0       4
                idloc                              2000     2000        4        0       5
dist/default/production\ed2_2.X.production.o
                cinit                                 F        F        A        8       0
                intentry                              4        4        8        8       0
                config                             2007     2007        2        0       4
                idloc                              2000     2000        4        0       5
                text12                               19       19       CC        8       0
                text11                              2F9      2F9       31        8       0
                text10                              17C      17C       91        8       0
                text9                               3AB      3AB       18        8       0
                text8                               353      353       20        8       0
                text7                               38F      38F       1C        8       0
                text6                               3D1      3D1        D      7A2       0
                text5                               20D      20D       6F        8       0
                text4                                E5       E5       97        8       0
                text3                               2C0      2C0       39        8       0
                text2                               32A      32A       29        8       0
                text1                               373      373       1C        8       0
                maintext                            27C      27C       44        8       0
                cstackBANK0                          20       20        A       20       1
                cstackCOMMON                         70       70        7       70       1
                bssCOMMON                            77       77        6       70       1
                strings                             3C3      3C3        E      786       0

TOTAL           Name                               Link     Load   Length     Space
        CLASS   CODE           
                end_init                              C        C        3         0
                cinit                                 F        F        A         0
                intentry                              4        4        8         0
                reset_vec                             0        0        3         0
                text12                               19       19       CC         0
                text11                              2F9      2F9       31         0
                text10                              17C      17C       91         0
                text9                               3AB      3AB       18         0
                text8                               353      353       20         0
                text7                               38F      38F       1C         0
                text6                               3D1      3D1        D         0
                text5                               20D      20D       6F         0
                text4                                E5       E5       97         0
                text3                               2C0      2C0       39         0
                text2                               32A      32A       29         0
                text1                               373      373       1C         0
                maintext                            27C      27C       44         0

        CLASS   STRCODE        

        CLASS   STRING         
                strings                             3C3      3C3        E         0

        CLASS   CONST          

        CLASS   ENTRY          

        CLASS   COMMON         
                cstackCOMMON                         70       70        7         1
                bssCOMMON                            77       77        6         1

        CLASS   BANK0          
                cstackBANK0                          20       20        A         1

        CLASS   BANK1          

        CLASS   BANK2          

        CLASS   BANK3          

        CLASS   RAM            

        CLASS   ABS1           
                abs_s1                               7E       7E        2         1

        CLASS   SFR0           

        CLASS   SFR1           

        CLASS   SFR2           

        CLASS   SFR3           

        CLASS   CONFIG         
                config                             2007     2007        2         4

        CLASS   IDLOC          
                idloc                              2000     2000        4         5

        CLASS   EEDATA         

        CLASS   STACK          



SEGMENTS        Name                           Load    Length   Top    Selector   Space  Class     Delta

                reset_vec                      000000  000003  000003         0       0  CODE        2
                intentry                       000004  0003BF  0003C3         8       0  CODE        2
                cstackBANK0                    000020  00000A  00002A        20       1  BANK0       1
                cstackCOMMON                   000070  00000D  00007D        70       1  COMMON      1
                strings                        0003C3  00000E  0003D1       786       0  STRING      2
                text6                          0003D1  00000D  0003DE       7A2       0  CODE        2


UNUSED ADDRESS RANGES

        Name                Unused          Largest block    Delta
        BANK0            002A-006F             46           1
        BANK1            00A0-00EF             50           1
        BANK2            0110-016F             60           1
        BANK3            0190-01EF             60           1
        CODE             0003-0003              1           2
                         03DE-1FFF            800
        COMMON           007D-007D              1           1
        CONST            0003-0003              1           2
                         03DE-1FFF            100
        EEDATA           2100-21FF            100           2
        ENTRY            0003-0003              1           2
                         03DE-1FFF            100
        RAM              002A-006F             46           1
                         00A0-00EF             50
                         0110-016F             60
                         0190-01EF             60
        SFR0             0000-001F             20           1
        SFR1             0080-009F             20           1
        SFR2             0100-010F             10           1
        SFR3             0180-018F             10           1
        STRCODE          0003-0003              1           2
                         03DE-1FFF           1C22
        STRING           0003-0003              1           2
                         03DE-1FFF            100

                                  Symbol Table

?_ADC_read                cstackCOMMON 0070
ADC_config@channel        cstackBANK0  0020
ADC_read@can              cstackCOMMON 0070
Lcd_Cmd@a                 cstackBANK0  0023
Lcd_Port@a                cstackBANK0  0020
Lcd_Set_Cursor@a          cstackBANK0  0026
Lcd_Set_Cursor@b          cstackBANK0  0024
Lcd_Set_Cursor@temp       cstackBANK0  0029
Lcd_Set_Cursor@y          cstackBANK0  0028
Lcd_Set_Cursor@z          cstackBANK0  0027
Lcd_Write_Char@a          cstackBANK0  0024
Lcd_Write_Char@temp       cstackBANK0  0022
Lcd_Write_Char@y          cstackBANK0  0023
Lcd_Write_String@a        cstackBANK0  0027
Lcd_Write_String@i        cstackBANK0  0025
_ADCON0bits               (abs)        001F
_ADCON1bits               (abs)        009F
_ADC_config               text10       017C
_ADC_read                 text12       0019
_ADC_setup                text9        03AB
_ADRESH                   (abs)        001E
_ANSELH                   (abs)        0189
_ANSELHbits               (abs)        0189
_ANSELbits                (abs)        0188
_INTCONbits               (abs)        000B
_Lcd_Clear                text6        03D1
_Lcd_Cmd                  text7        038F
_Lcd_Init                 text5        020D
_Lcd_Port                 text8        0353
_Lcd_Set_Cursor           text4        00E5
_Lcd_Write_Char           text3        02C0
_Lcd_Write_String         text2        032A
_OSCCONbits               (abs)        008F
_PIE1bits                 (abs)        008C
_PIR1bits                 (abs)        000C
_PORTA                    (abs)        0005
_PORTB                    (abs)        0006
_PORTBbits                (abs)        0006
_PORTC                    (abs)        0007
_PORTD                    (abs)        0008
_TRISBbits                (abs)        0086
_TRISC                    (abs)        0087
_TRISD                    (abs)        0088
__Habs1                   abs1         0000
__Hbank0                  bank0        0000
__Hbank1                  bank1        0000
__Hbank2                  bank2        0000
__Hbank3                  bank3        0000
__HbssCOMMON              bssCOMMON    0000
__Hcinit                  cinit        0019
__Hclrtext                clrtext      0000
__Hcode                   code         0000
__Hcommon                 common       0000
__Hconfig                 config       2009
__HcstackBANK0            cstackBANK0  0000
__HcstackCOMMON           cstackCOMMON 0000
__Heeprom_data            eeprom_data  0000
__Hend_init               end_init     000F
__Hfunctab                functab      0000
__Hidloc                  idloc        2004
__Hinit                   init         000C
__Hintentry               intentry     000C
__Hmaintext               maintext     0000
__Hpowerup                powerup      0000
__Hram                    ram          0000
__Hreset_vec              reset_vec    0003
__Hsfr0                   sfr0         0000
__Hsfr1                   sfr1         0000
__Hsfr2                   sfr2         0000
__Hsfr3                   sfr3         0000
__Hspace_0                (abs)        03DE
__Hspace_1                (abs)        007D
__Hspace_2                (abs)        0000
__Hspace_3                (abs)        0000
__Hspace_4                (abs)        4010
__Hstack                  stack        0000
__Hstrings                strings      0000
__Htext                   text         0000
__Labs1                   abs1         0000
__Lbank0                  bank0        0000
__Lbank1                  bank1        0000
__Lbank2                  bank2        0000
__Lbank3                  bank3        0000
__LbssCOMMON              bssCOMMON    0000
__Lcinit                  cinit        000F
__Lclrtext                clrtext      0000
__Lcode                   code         0000
__Lcommon                 common       0000
__Lconfig                 config       0000
__LcstackBANK0            cstackBANK0  0000
__LcstackCOMMON           cstackCOMMON 0000
__Leeprom_data            eeprom_data  0000
__Lend_init               end_init     000C
__Lfunctab                functab      0000
__Lidloc                  idloc        0000
__Linit                   init         000C
__Lintentry               intentry     0004
__Lmaintext               maintext     0000
__Lpowerup                powerup      0000
__Lram                    ram          0000
__Lreset_vec              reset_vec    0000
__Lsfr0                   sfr0         0000
__Lsfr1                   sfr1         0000
__Lsfr2                   sfr2         0000
__Lsfr3                   sfr3         0000
__Lspace_0                (abs)        0000
__Lspace_1                (abs)        0000
__Lspace_2                (abs)        0000
__Lspace_3                (abs)        0000
__Lspace_4                (abs)        0000
__Lstack                  stack        0000
__Lstrings                strings      0000
__Ltext                   text         0000
__S0                      (abs)        03DE
__S1                      (abs)        007D
__S3                      (abs)        0000
___int_sp                 stack        0000
___latbits                (abs)        0002
___sp                     stack        0000
___stackhi                (abs)        0000
___stacklo                (abs)        0000
__end_of_ADC_config       text10       020D
__end_of_ADC_read         text12       00E5
__end_of_ADC_setup        text9        03C3
__end_of_Lcd_Clear        text6        03DE
__end_of_Lcd_Cmd          text7        03AB
__end_of_Lcd_Init         text5        027C
__end_of_Lcd_Port         text8        0373
__end_of_Lcd_Set_Cursor   text4        017C
__end_of_Lcd_Write_Char   text3        02F9
__end_of_Lcd_Write_String text2        0353
__end_of__initialization  cinit        0015
__end_of__stringtab       strings      03C9
__end_of_isr              text11       032A
__end_of_main             maintext     02C0
__end_of_setup            text1        038F
__initialization          cinit        000F
__pbssCOMMON              bssCOMMON    0077
__pcstackBANK0            cstackBANK0  0020
__pcstackCOMMON           cstackCOMMON 0070
__pintentry               intentry     0004
__pmaintext               maintext     027C
__pstrings                strings      03C3
__ptext1                  text1        0373
__ptext10                 text10       017C
__ptext11                 text11       02F9
__ptext12                 text12       0019
__ptext2                  text2        032A
__ptext3                  text3        02C0
__ptext4                  text4        00E5
__ptext5                  text5        020D
__ptext6                  text6        03D1
__ptext7                  text7        038F
__ptext8                  text8        0353
__ptext9                  text9        03AB
__stringbase              strings      03C8
__stringtab               strings      03C3
_isr                      text11       02F9
_main                     maintext     027C
_setup                    text1        0373
_valor                    bssCOMMON    007B
_voltaje1                 bssCOMMON    0079
_voltaje2                 bssCOMMON    0077
btemp                     (abs)        007E
end_of_initialization     cinit        0015
interrupt_function        intentry     0004
intlevel0                 functab      0000
intlevel1                 functab      0000
intlevel2                 functab      0000
intlevel3                 functab      0000
intlevel4                 functab      0000
intlevel5                 functab      0000
reset_vec                 reset_vec    0000
saved_w                   (abs)        007E
start                     init         000C
start_initialization      cinit        000F
wtemp0                    (abs)        007E


MODULE INFORMATION

Module		Function		Class		Link	Load	Size
shared
		__stringtab    		STRING         	03C3	0000	6
		__initialization		CODE           	000F	0000	6

shared estimated size: 12

ADC.c
		_ADC_config    		CODE           	017C	0000	145
		_ADC_read      		CODE           	0019	0000	204
		_ADC_setup     		CODE           	03AB	0000	24

ADC.c estimated size: 373

lcd.c
		_Lcd_Write_String		CODE           	032A	0000	41
		_Lcd_Init      		CODE           	020D	0000	111
		_Lcd_Write_Char		CODE           	02C0	0000	57
		_Lcd_Cmd       		CODE           	038F	0000	28
		_Lcd_Set_Cursor		CODE           	00E5	0000	151
		_Lcd_Clear     		CODE           	03D1	0000	13
		_Lcd_Port      		CODE           	0353	0000	32

lcd.c estimated size: 433

main.c
		_main          		CODE           	027C	0000	68
		_isr           		CODE           	02F9	0000	49
		_setup         		CODE           	0373	0000	28

main.c estimated size: 145

